C51 COMPILER V9.60.7.0   LIANXI                                                            11/25/2025 16:16:01 PAGE 1   


C51 COMPILER V9.60.7.0, COMPILATION OF MODULE LIANXI
OBJECT MODULE PLACED IN .\Objects\lianxi.obj
COMPILER INVOKED BY: D:\keil5\C51\BIN\C51.EXE lianxi.c OPTIMIZE(8,SPEED) BROWSE DEBUG OBJECTEXTEND PRINT(.\Listings\lian
                    -xi.lst) TABS(2) OBJECT(.\Objects\lianxi.obj)

line level    source

   1          #include <reg52.h>
   2          
   3          // 定义端口（根据硬件连接调整）
   4          #define SEG_PORT P0    // 段选端口（a~dp）
   5          #define BIT1 P2^0      // 第一个数码管位选（个位）
   6          #define BIT2 P2^1      // 第二个数码管位选（十位）
   7          
   8          // 共阴极数码管段码表（0~9），dp为小数点（此处未用，置0）
   9          unsigned char seg_code[] = {0x3F,0x06,0x5B,0x4F,0x66,
  10                                     0x6D,0x7D,0x07,0x7F,0x6F};
  11          
  12          // 全局变量：当前显示的数字（0~99）
  13          unsigned int num = 0;
  14          // 中断计数：1ms中断一次，累计1000次为1秒
  15          unsigned int count = 0;
  16          
  17          /**
  18           * @brief 定时器0初始化：1ms中断（11.0592MHz晶振）
  19           */
  20          void timer0_init() {
  21   1          // 16位定时器初值计算：1ms = 1000μs
  22   1          // 机器周期 = 12 / 晶振频率（11.0592MHz）≈ 1.085μs
  23   1          // 需计数次数 = 1000 / 1.085 ≈ 921，初值 = 65536 - 921 = 64615 = 0xFC67
  24   1          TMOD &= 0xF0;  // 清空定时器0模式
  25   1          TMOD |= 0x01;  // 定时器0工作模式1（16位自动重装）
  26   1          TH0 = 0xFC;    // 高8位初值
  27   1          TL0 = 0x67;    // 低8位初值
  28   1          ET0 = 1;       // 使能定时器0中断
  29   1          TR0 = 1;       // 启动定时器0
  30   1          EA = 1;        // 开启总中断
  31   1      }
  32          
  33          /**
  34           * @brief 动态扫描显示函数：交替点亮两个数码管
  35           */
  36          void display() {
  37   1          unsigned char ten = num / 10;    // 十位数字（0~9）
  38   1          unsigned char unit = num % 10;   // 个位数字（0~9）
  39   1      
  40   1          // 显示十位（第二个数码管）
  41   1          SEG_PORT = seg_code[ten];
  42   1          BIT2 = 1;          // 点亮十位数码管
*** ERROR C141 IN LINE 42 OF lianxi.c: syntax error near '=', expected ';'
  43   1          BIT1 = 0;          // 熄灭个位数码管
*** ERROR C141 IN LINE 43 OF lianxi.c: syntax error near '=', expected ';'
  44   1          delay_ms(1);       // 延时1ms（保证亮度，避免闪烁）
  45   1      
  46   1          // 显示个位（第一个数码管）
  47   1          SEG_PORT = seg_code[unit];
  48   1          BIT1 = 1;          // 点亮个位数码管
  49   1          BIT2 = 0;          // 熄灭十位数码管
  50   1          delay_ms(1);       // 延时1ms
  51   1      }
  52          
C51 COMPILER V9.60.7.0   LIANXI                                                            11/25/2025 16:16:01 PAGE 2   

  53          /**
  54           * @brief 毫秒级延时函数（简单延时，非精准）
  55           * @param ms 延时毫秒数
  56           */
  57          void delay_ms(unsigned int ms) {
  58   1          unsigned int i, j;
  59   1          for (i = ms; i > 0; i--)
  60   1              for (j = 110; j > 0; j--);
  61   1      }
  62          
  63          /**
  64           * @brief 定时器0中断服务函数：1ms触发一次，累计1秒更新数字
  65           */
  66          void timer0_isr() interrupt 1 {
  67   1          // 重新加载初值（保证每次中断间隔1ms）
  68   1          TH0 = 0xFC;
  69   1          TL0 = 0x67;
  70   1          count++;
  71   1          if (count >= 1000) {  // 累计1000ms = 1秒
  72   2              count = 0;        // 计数清零
  73   2              num++;            // 数字递增
  74   2              if (num >= 100) { // 超过99，重置为0
  75   3                  num = 0;
  76   3              }
  77   2          }
  78   1      }
  79          
  80          /**
  81           * @brief 主函数：循环显示
  82           */
  83          void main() {
  84   1          timer0_init();  // 初始化定时器0
  85   1          while (1) {
  86   2              display();  // 持续动态扫描显示
  87   2          }
  88   1      }

C51 COMPILATION COMPLETE.  0 WARNING(S),  2 ERROR(S)
