C51 COMPILER V9.60.7.0   OLED                                                              12/22/2025 13:39:20 PAGE 1   


C51 COMPILER V9.60.7.0, COMPILATION OF MODULE OLED
OBJECT MODULE PLACED IN .\Objects\oled.obj
COMPILER INVOKED BY: D:\keil5\C51\BIN\C51.EXE oled.c OPTIMIZE(8,SPEED) BROWSE DEBUG OBJECTEXTEND PRINT(.\Listings\oled.l
                    -st) TABS(2) OBJECT(.\Objects\oled.obj)

line level    source

   1          #include "oled.h"
   2          #include "font.h"      
   3          
   4          /***********************Delay****************************************/
   5          void Delay_50ms(unsigned int Del_50ms)
   6          {
   7   1          unsigned int m;
   8   1          for(;Del_50ms>0;Del_50ms--)
   9   1              for(m=6245;m>0;m--);
  10   1      }
  11          
  12          void Delay_1ms(unsigned int Del_1ms)
  13          {
  14   1          unsigned char j;
  15   1          while(Del_1ms--)
  16   1          {    
  17   2              for(j=0;j<123;j++);
  18   2          }
  19   1      }
  20          
  21          /**********************************************
  22          //IIC Start
  23          **********************************************/
  24          void IIC_Start()
  25          {
  26   1          OLED_SCLK_Set() ;
  27   1          OLED_SDIN_Set();
  28   1          OLED_SDIN_Clr();
  29   1          OLED_SCLK_Clr();
  30   1      }
  31          
  32          /**********************************************
  33          //IIC Stop
  34          **********************************************/
  35          void IIC_Stop()
  36          {
  37   1          OLED_SCLK_Set() ;
  38   1          OLED_SDIN_Clr();
  39   1          OLED_SDIN_Set();
  40   1      }
  41          
  42          void IIC_Wait_Ack()
  43          {
  44   1          OLED_SCLK_Set() ;
  45   1          OLED_SCLK_Clr();
  46   1      }
  47          /**********************************************
  48          // IIC Write byte
  49          **********************************************/
  50          
  51          void Write_IIC_Byte(unsigned char IIC_Byte)
  52          {
  53   1          unsigned char i;
  54   1          unsigned char m,da;
C51 COMPILER V9.60.7.0   OLED                                                              12/22/2025 13:39:20 PAGE 2   

  55   1          da=IIC_Byte;
  56   1          OLED_SCLK_Clr();
  57   1          for(i=0;i<8;i++)        
  58   1          {
  59   2                  m=da;
  60   2              //    OLED_SCLK_Clr();
  61   2              m=m&0x80;
  62   2              if(m==0x80)
  63   2              {OLED_SDIN_Set();}
  64   2              else OLED_SDIN_Clr();
  65   2                  da=da<<1;
  66   2              OLED_SCLK_Set();
  67   2              OLED_SCLK_Clr();
  68   2              }
  69   1      }
  70          
  71          /**********************************************
  72          // IIC Write Command
  73          **********************************************/
  74          void Write_IIC_Command(unsigned char IIC_Command)
  75          {
  76   1         IIC_Start();
  77   1         Write_IIC_Byte(0x78);            //Slave address,SA0=0
  78   1          IIC_Wait_Ack();    
  79   1         Write_IIC_Byte(0x00);            //write command
  80   1          IIC_Wait_Ack();    
  81   1         Write_IIC_Byte(IIC_Command); 
  82   1          IIC_Wait_Ack();    
  83   1         IIC_Stop();
  84   1      }
  85          /**********************************************
  86          // IIC Write Data
  87          **********************************************/
  88          void Write_IIC_Data(unsigned char IIC_Data)
  89          {
  90   1         IIC_Start();
  91   1         Write_IIC_Byte(0x78);            //D/C#=0; R/W#=0
  92   1           IIC_Wait_Ack();    
  93   1         Write_IIC_Byte(0x40);            //write data
  94   1           IIC_Wait_Ack();    
  95   1         Write_IIC_Byte(IIC_Data);
  96   1           IIC_Wait_Ack();    
  97   1         IIC_Stop();
  98   1      }
  99          void OLED_WR_Byte(unsigned dat,unsigned cmd)
 100          {
 101   1          if(cmd)
 102   1          {
 103   2              Write_IIC_Data(dat);
 104   2          }
 105   1          else 
 106   1          {    
 107   2              Write_IIC_Command(dat);
 108   2          }
 109   1      }
 110          //坐标设置
 111          void OLED_Set_Pos(unsigned char x, unsigned char y) 
 112          {     OLED_WR_Byte(0xb0+y,OLED_CMD);
 113   1          OLED_WR_Byte(((x&0xf0)>>4)|0x10,OLED_CMD);
 114   1          OLED_WR_Byte((x&0x0f),OLED_CMD); 
 115   1      } 
 116          
C51 COMPILER V9.60.7.0   OLED                                                              12/22/2025 13:39:20 PAGE 3   

 117          //开启OLED显示    
 118          void OLED_Display_On(void)
 119          {
 120   1          OLED_WR_Byte(0X8D,OLED_CMD);  //SET DCDC命令
 121   1          OLED_WR_Byte(0X14,OLED_CMD);  //DCDC ON
 122   1          OLED_WR_Byte(0XAF,OLED_CMD);  //DISPLAY ON
 123   1      }
 124          
 125          //关闭OLED显示     
 126          void OLED_Display_Off(void)
 127          {
 128   1          OLED_WR_Byte(0X8D,OLED_CMD);  //SET DCDC命令
 129   1          OLED_WR_Byte(0X10,OLED_CMD);  //DCDC OFF
 130   1          OLED_WR_Byte(0XAE,OLED_CMD);  //DISPLAY OFF
 131   1      }
 132          
 133          //清屏函数,清完屏,整个屏幕是黑色的!和没点亮一样!!!      
 134          void OLED_Clear(void)  
 135          {  
 136   1          u8 i,n;            
 137   1          for(i=0;i<8;i++)  
 138   1          {  
 139   2              OLED_WR_Byte (0xb0+i,OLED_CMD);    //设置页地址（0~7）
 140   2              OLED_WR_Byte (0x00,OLED_CMD);      //设置显示位置—列低地址
 141   2              OLED_WR_Byte (0x10,OLED_CMD);      //设置显示位置—列高地址   
 142   2              for(n=0;n<128;n++)OLED_WR_Byte(0,OLED_DATA); 
 143   2          } //更新显示
 144   1      }
 145          
 146          void OLED_On(void)  
 147          {  
 148   1          u8 i,n;            
 149   1          for(i=0;i<8;i++)  
 150   1          {  
 151   2              OLED_WR_Byte (0xb0+i,OLED_CMD);    //设置页地址（0~7）
 152   2              OLED_WR_Byte (0x00,OLED_CMD);      //设置显示位置—列低地址
 153   2              OLED_WR_Byte (0x10,OLED_CMD);      //设置显示位置—列高地址   
 154   2              for(n=0;n<128;n++)OLED_WR_Byte(1,OLED_DATA); 
 155   2          } //更新显示
 156   1      }        
 157          
 158          //在指定位置显示一个字符,包括部分字符
 159          //x:0~127
 160          //y:0~63
 161          //mode:0,反白显示;1,正常显示                 
 162          //size:选择字体 16/12 
 163          void OLED_ShowChar(u8 x,u8 y,u8 chr,u8 Char_Size)
 164          {          
 165   1          unsigned char c=0,i=0;
 166   1          c = chr - ' '; //得到偏移后的值
 167   1          if (x > Max_Column - 1)
 168   1          {
 169   2              x = 0;
 170   2              y = y + 2;
 171   2          }
 172   1          OLED_Set_Pos(x, y);
 173   1          for (i = 0; i < 8; i++)
 174   1              OLED_WR_Byte(F8X16[c * 16 + i], OLED_DATA);
 175   1          OLED_Set_Pos(x, y + 1);
 176   1          for (i = 0; i < 8; i++)
 177   1              OLED_WR_Byte(F8X16[c * 16 + i + 8], OLED_DATA);
 178   1      }
C51 COMPILER V9.60.7.0   OLED                                                              12/22/2025 13:39:20 PAGE 4   

*** WARNING C280 IN LINE 163 OF oled.c: 'Char_Size': unreferenced local variable
 179          
 180          //m^n函数
 181          u32 oled_pow(u8 m,u8 n)
 182          {
 183   1          u32 result=1;     
 184   1          while(n--)result*=m;    
 185   1          return result;
 186   1      }            
 187          
 188          //显示2个数字
 189          //x,y :起点坐标     
 190          //len :数字的位数
 191          //size:字体大小
 192          //mode:模式    0,填充模式;1,叠加模式
 193          //num:数值(0~4294967295);               
 194          void OLED_ShowNum(u8 x,u8 y,u32 num,u8 len,u8 size2)
 195          {             
 196   1          u8 t,temp;
 197   1          u8 enshow=0;                           
 198   1          for(t=0;t<len;t++)
 199   1          {
 200   2              temp=(num/oled_pow(10,len-t-1))%10;
 201   2              if(enshow==0&&t<(len-1))
 202   2              {
 203   3                  if(temp==0)
 204   3                  {
 205   4                      OLED_ShowChar(x+(size2/2)*t,y,' ',size2);
 206   4                      continue;
 207   4                  }else enshow=1; 
 208   3                    
 209   3              }
 210   2               OLED_ShowChar(x+(size2/2)*t,y,temp+'0',size2); 
 211   2          }
 212   1      } 
 213          
 214          //显示一个字符号串
 215          void OLED_ShowString(u8 x,u8 y,u8 *chr,u8 Char_Size)
 216          {
 217   1          unsigned char j=0;
 218   1          while (chr[j]!='\0')
 219   1          {        OLED_ShowChar(x,y,chr[j],Char_Size);
 220   2                  x+=8;
 221   2              if(x>120){x=0;y+=2;}
 222   2                  j++;
 223   2          }
 224   1      }
 225          
 226          //显示汉字
 227          void OLED_ShowCHinese(u8 x,u8 y,u8 no)
 228          {                      
 229   1          u8 t;
 230   1          OLED_Set_Pos(x,y);    
 231   1          for(t=0;t<16;t++)
 232   1              {
 233   2                      OLED_WR_Byte(Hzk[2*no][t],OLED_DATA);
 234   2           }    
 235   1          OLED_Set_Pos(x,y+1);    
 236   1          for(t=0;t<16;t++)
 237   1                  {    
 238   2                      OLED_WR_Byte(Hzk[2*no+1][t],OLED_DATA);
 239   2            }                    
C51 COMPILER V9.60.7.0   OLED                                                              12/22/2025 13:39:20 PAGE 5   

 240   1      }
 241          
 242          //初始化SSD1306                        
 243          void OLED_Init(void)
 244          {     
 245   1          OLED_WR_Byte(0xAE,OLED_CMD);//--display off
 246   1          OLED_WR_Byte(0x00,OLED_CMD);//---set low column address
 247   1          OLED_WR_Byte(0x10,OLED_CMD);//---set high column address
 248   1          OLED_WR_Byte(0x40,OLED_CMD);//--set start line address  
 249   1          OLED_WR_Byte(0xB0,OLED_CMD);//--set page address
 250   1          OLED_WR_Byte(0x81,OLED_CMD); // contract control
 251   1          OLED_WR_Byte(0xFF,OLED_CMD);//--128   
 252   1          OLED_WR_Byte(0xA1,OLED_CMD);//set segment remap 
 253   1          OLED_WR_Byte(0xA6,OLED_CMD);//--normal / reverse
 254   1          OLED_WR_Byte(0xA8,OLED_CMD);//--set multiplex ratio(1 to 64)
 255   1          OLED_WR_Byte(0x3F,OLED_CMD);//--1/32 duty
 256   1          OLED_WR_Byte(0xC8,OLED_CMD);//Com scan direction
 257   1          OLED_WR_Byte(0xD3,OLED_CMD);//-set display offset
 258   1          OLED_WR_Byte(0x00,OLED_CMD);//
 259   1          
 260   1          OLED_WR_Byte(0xD5,OLED_CMD);//set osc division
 261   1          OLED_WR_Byte(0x80,OLED_CMD);//
 262   1          
 263   1          OLED_WR_Byte(0xD8,OLED_CMD);//set area color mode off
 264   1          OLED_WR_Byte(0x05,OLED_CMD);//
 265   1          
 266   1          OLED_WR_Byte(0xD9,OLED_CMD);//Set Pre-Charge Period
 267   1          OLED_WR_Byte(0xF1,OLED_CMD);//
 268   1          
 269   1          OLED_WR_Byte(0xDA,OLED_CMD);//set com pin configuartion
 270   1          OLED_WR_Byte(0x12,OLED_CMD);//
 271   1          
 272   1          OLED_WR_Byte(0xDB,OLED_CMD);//set Vcomh
 273   1          OLED_WR_Byte(0x30,OLED_CMD);//
 274   1          
 275   1          OLED_WR_Byte(0x8D,OLED_CMD);//set charge pump enable
 276   1          OLED_WR_Byte(0x14,OLED_CMD);//
 277   1          
 278   1          OLED_WR_Byte(0xAF,OLED_CMD);//--turn on oled panel
 279   1      } 
*** ERROR C249 IN LINE 279 OF oled.c: 'DATA': SEGMENT TOO LARGE

C51 COMPILATION COMPLETE.  1 WARNING(S),  1 ERROR(S)
