C51 COMPILER V9.60.7.0   ____                                                              12/22/2025 13:36:43 PAGE 1   


C51 COMPILER V9.60.7.0, COMPILATION OF MODULE ____
OBJECT MODULE PLACED IN .\Objects\作业.obj
COMPILER INVOKED BY: D:\keil5\C51\BIN\C51.EXE 作业.c OPTIMIZE(8,SPEED) BROWSE DEBUG OBJECTEXTEND PRINT(.\Listings\作业.l
                    -st) TABS(2) OBJECT(.\Objects\作业.obj)

line level    source

   1          #include<REGX52.H>
   2          #include "oled.h"
   3          
   4          void main()
   5          {
   6   1          OLED_Init(); //初始化OLED
   7   1          OLED_Clear();
   8   1          Delay_1ms(2000);
   9   1          while (1)
  10   1          {
  11   2              OLED_ShowCHinese(0, 0, 0);  //爱
  12   2              OLED_ShowCHinese(16, 0, 1); //易
  13   2              OLED_ShowCHinese(32, 0, 2); //族
  14   2              OLED_ShowString(0, 3, "www.yizu.org", 16);
  15   2              Delay_1ms(2000);
  16   2          }
  17   1      }


MODULE INFORMATION:   STATIC OVERLAYABLE
   CODE SIZE        =     63    ----
   CONSTANT SIZE    =     13    ----
   XDATA SIZE       =   ----    ----
   PDATA SIZE       =   ----    ----
   DATA SIZE        =   ----    ----
   IDATA SIZE       =   ----    ----
   BIT SIZE         =   ----    ----
END OF MODULE INFORMATION.


C51 COMPILATION COMPLETE.  0 WARNING(S),  0 ERROR(S)
