C51 COMPILER V9.60.7.0   ____                                                              12/02/2025 19:47:04 PAGE 1   


C51 COMPILER V9.60.7.0, COMPILATION OF MODULE ____
OBJECT MODULE PLACED IN .\Objects\台灯.obj
COMPILER INVOKED BY: D:\keil5\C51\BIN\C51.EXE 台灯.c OPTIMIZE(8,SPEED) BROWSE DEBUG OBJECTEXTEND PRINT(.\Listings\台灯.l
                    -st) TABS(2) OBJECT(.\Objects\台灯.obj)

line level    source

   1          #include <REGX52.H>
   2          sbit LED1=P2^0;
   3          sbit key=P3^1;
   4          void delay(int i)
   5          {
   6   1        while(i--);
   7   1      }
   8          void int_1(char i)
   9          {
  10   1        char j;
  11   1        for(j=0;j<i;j++)
  12   1        {
  13   2          TH0=(8192-50000)/32;
  14   2          TL0=(8192-50000)%32;
  15   2          TR0=1;
  16   2          while(!TF0);
  17   2          TF0=0;
  18   2        }
  19   1      }
  20          void main()
  21          {
  22   1        TMOD=0x00;
  23   1        while(1)
  24   1        {
  25   2          if(key==0)//二十分之一
  26   2          {
  27   3            delay(10);
  28   3            if(key==0)
  29   3            {
  30   4              LED1=0;
  31   4              int_1(20);//1s
  32   4              LED1=1;
  33   4              int_1(1);
  34   4            }
  35   3          }
  36   2          LED1=0;
  37   2          int_1(1);
  38   2          LED1=1;
  39   2          int_1(20);
  40   2        }
  41   1      }


MODULE INFORMATION:   STATIC OVERLAYABLE
   CODE SIZE        =     87    ----
   CONSTANT SIZE    =   ----    ----
   XDATA SIZE       =   ----    ----
   PDATA SIZE       =   ----    ----
   DATA SIZE        =   ----    ----
   IDATA SIZE       =   ----    ----
   BIT SIZE         =   ----    ----
END OF MODULE INFORMATION.


C51 COMPILATION COMPLETE.  0 WARNING(S),  0 ERROR(S)
