C51 COMPILER V9.60.7.0   ____                                                              11/25/2025 16:16:01 PAGE 1   


C51 COMPILER V9.60.7.0, COMPILATION OF MODULE ____
OBJECT MODULE PLACED IN .\Objects\矩阵.obj
COMPILER INVOKED BY: D:\keil5\C51\BIN\C51.EXE D:\keil5\练习\矩阵按键\矩阵.c OPTIMIZE(8,SPEED) BROWSE DEBUG OBJECTEXTEND 
                    -PRINT(.\Listings\矩阵.lst) TABS(2) OBJECT(.\Objects\矩阵.obj)

line level    source

   1          #include <regx52.h>
   2          
   3          #define key P1
   4          #define smg P0
   5          
   6          int gsmg[17]={0x3f,0x06,0x5b,0x4f,0x66,0x6d,0x7d,0x07,0x7f,0x6f,0x77,0x7c,0x39,0x5e,0x79,0x71};
   7          
   8          void delay( int ten)
   9          {
  10   1        while(ten--);
  11   1      }
  12          
  13          int key11(void)
  14          {
  15   1        int value=0;
  16   1        
  17   1        key=0xf7;//第一列
  18   1        if(key!=0xf7)
  19   1        {
  20   2          delay(1000);
  21   2          switch(key)
  22   2          {
  23   3            case 0x77:value=1;break;
  24   3            case 0xb7:value=5;break;
  25   3            case 0xd7:value=9;break;
  26   3            case 0xe7:value=13;break;
  27   3          }
  28   2        }
  29   1        while(key!=0xf7);
  30   1        
  31   1        key=0xfb;//第二列
  32   1        if(key!=0xfb)
  33   1        {
  34   2          delay(1000);
  35   2          switch(key)
  36   2          {
  37   3            case 0x7b:value=2;break;
  38   3            case 0xbb:value=6;break;
  39   3            case 0xdb:value=10;break;
  40   3            case 0xeb:value=14;break;
  41   3          }
  42   2        }
  43   1        while(key!=0xfb);
  44   1        
  45   1        key=0xfd;//第三列
  46   1        if(key!=0xfd)
  47   1        {
  48   2          delay(1000);
  49   2          switch(key)
  50   2          {
  51   3            case 0x7d:value=3;break;
  52   3            case 0xbd:value=7;break;
  53   3            case 0xdd:value=11;break;
  54   3            case 0xed:value=15;break;
C51 COMPILER V9.60.7.0   ____                                                              11/25/2025 16:16:01 PAGE 2   

  55   3          }
  56   2        }
  57   1        while(key!=0xfd);
  58   1        
  59   1        key=0xfe;//第四列
  60   1        if(key!=0xfe)
  61   1        {
  62   2          delay(1000);
  63   2          switch(key)
  64   2          {
  65   3            case 0x7e:value=4;break;
  66   3            case 0xbe:value=8;break;
  67   3            case 0xde:value=12;break;
  68   3            case 0xee:value=16;break;
  69   3          }
  70   2        }
  71   1        while(key!=0xfe);
  72   1        return value;
  73   1      }
  74          
  75          void main()
  76          {
  77   1      
  78   1        int key=0;
  79   1        while(1)
  80   1        {
  81   2          key=key11();
  82   2          if(key!=0)
  83   2          {
  84   3            smg=gsmg[key-1];
  85   3          }
  86   2          
  87   2        }
  88   1      }


MODULE INFORMATION:   STATIC OVERLAYABLE
   CODE SIZE        =    277    ----
   CONSTANT SIZE    =   ----    ----
   XDATA SIZE       =   ----    ----
   PDATA SIZE       =   ----    ----
   DATA SIZE        =     34    ----
   IDATA SIZE       =   ----    ----
   BIT SIZE         =   ----    ----
END OF MODULE INFORMATION.


C51 COMPILATION COMPLETE.  0 WARNING(S),  0 ERROR(S)
