C51 COMPILER V9.60.7.0   ________                                                          11/22/2025 13:26:21 PAGE 1   


C51 COMPILER V9.60.7.0, COMPILATION OF MODULE ________
OBJECT MODULE PLACED IN .\Objects\红外接收.obj
COMPILER INVOKED BY: D:\keil5\C51\BIN\C51.EXE 红外接收.c OPTIMIZE(8,SPEED) BROWSE DEBUG OBJECTEXTEND PRINT(.\Listings\红
                    -外接收.lst) TABS(2) OBJECT(.\Objects\红外接收.obj)

line level    source

   1          #include <reg52.h>
   2          
   3          typedef unsigned char uchar;
   4          typedef unsigned int uint;
   5          
   6          sbit IR_IN = P3^2;    // 红外接收引脚（INT0）
   7          sbit Relay = P1^0;    // 继电器控制引脚
   8          
   9          uchar IR_Buf[4];      // 存储红外数据（地址、地址反码、数据、数据反码）
  10          bit IR_Flag = 0;      // 红外解码完成标志
  11          
  12          // 定时器0初始化（用于红外信号计时）
  13          void Timer0_Init() {
  14   1          TMOD |= 0x01;     // 模式1（16位定时器）
  15   1          TH0 = 0;
  16   1          TL0 = 0;
  17   1          ET0 = 1;          // 开定时器0中断
  18   1          EA = 1;           // 开总中断
  19   1      }
  20          
  21          // 外部中断0初始化（捕捉红外起始信号）
  22          void INT0_Init() {
  23   1          IT0 = 1;          // 下降沿触发
  24   1          EX0 = 1;          // 开外部中断0
  25   1          EA = 1;
  26   1      }
  27          
  28          // 红外解码函数（NEC协议）
  29          void IR_Decode() {
  30   1          uchar i, j;
  31   1          uchar time = 0;
  32   1          
  33   1          IR_Flag = 0;
  34   1          TH0 = 0;
  35   1          TL0 = 0;
  36   1          TR0 = 1;          // 启动定时器
  37   1          
  38   1          // 等待起始码（9ms低电平+4.5ms高电平）
  39   1          while(!IR_IN && TH0 < 0x40); // 9ms低电平
  40   1          if(TH0 > 0x40) { TR0 = 0; return; }
  41   1          
  42   1          TH0 = 0;
  43   1          while(IR_IN && TH0 < 0x20);  // 4.5ms高电平
  44   1          if(TH0 > 0x20) { TR0 = 0; return; }
  45   1          
  46   1          // 解码32位数据
  47   1          for(i=0; i<4; i++) {
  48   2              for(j=0; j<8; j++) {
  49   3                  TH0 = 0;
  50   3                  while(!IR_IN && TH0 < 0x10); // 低电平（560us）
  51   3                  if(TH0 > 0x10) { TR0 = 0; return; }
  52   3                  
  53   3                  TH0 = 0;
  54   3                  while(IR_IN && TH0 < 0x20); // 高电平判断数据位
C51 COMPILER V9.60.7.0   ________                                                          11/22/2025 13:26:21 PAGE 2   

  55   3                  time = TH0;
  56   3                  IR_Buf[i] >>= 1;
  57   3                  if(time > 0x10) IR_Buf[i] |= 0x80; // 1.68ms高电平=1，560us=0
  58   3              }
  59   2          }
  60   1          TR0 = 0;
  61   1          IR_Flag = 1;      // 解码完成
  62   1      }
  63          
  64          // 外部中断0服务函数（红外起始信号触发）
  65          void INT0_ISR() interrupt 0 {
  66   1          IR_Decode();      // 开始解码
  67   1      }
  68          
  69          // 风扇控制函数
  70          void Fan_Control(uint data) {
*** ERROR C141 IN LINE 70 OF 红外接收.c: syntax error near ')', expected '<id>'
  71   1          static bit fan_state = 0; // 风扇状态（0=停，1=转）
  72   1          if(data == 0x00) {       // 假设红外按键数据为0x00（自定义按键）
*** ERROR C141 IN LINE 72 OF 红外接收.c: syntax error near 'data', expected 'sizeof'
  73   2              fan_state = !fan_state;
  74   2              Relay = fan_state ? 1 : 0; // 低电平触发继电器吸合
  75   2          }
  76   1      }
  77          
  78          void main() {
  79   1          Timer0_Init();
  80   1          INT0_Init();
  81   1          Relay = 0;         // 初始风扇关闭
  82   1          while(1) {
  83   2              if(IR_Flag) {
  84   3                  if(IR_Buf[2] == ~IR_Buf[3]) { // 数据校验
  85   4                      Fan_Control(IR_Buf[2]);
  86   4                  }
  87   3                  IR_Flag = 0;
  88   3              }
  89   2          }
  90   1      }

C51 COMPILATION COMPLETE.  0 WARNING(S),  2 ERROR(S)
